Java HotSpot(TM) 64-Bit Server VM (25.131-b11) for windows-amd64 JRE (1.8.0_131-b11), built on Mar 15 2017 01:23:53 by "java_re" with MS VC++ 10.0 (VS2010)
Memory: 4k page, physical 8277832k(4155900k free), swap 10243912k(4190224k free)
CommandLine flags: -XX:InitialHeapSize=1073741824 -XX:MaxHeapSize=1610612736 -XX:MaxNewSize=1073741824 -XX:NewSize=805306368 -XX:+PrintGC -XX:+PrintGCDetails -XX:+PrintGCTimeStamps -XX:+UseCompressedClassPointers -XX:+UseCompressedOops -XX:-UseLargePagesIndividualAllocation -XX:+UseParallelGC 
16.938: [GC (Allocation Failure) [PSYoungGen: 589824K->12232K(688128K)] 589824K->12248K(950272K), 0.0142412 secs] [Times: user=0.06 sys=0.00, real=0.02 secs] 
20.297: [GC (Allocation Failure) [PSYoungGen: 602056K->23864K(688128K)] 602072K->23888K(950272K), 0.0247470 secs] [Times: user=0.11 sys=0.00, real=0.03 secs] 
23.235: [GC (Allocation Failure) [PSYoungGen: 613688K->35880K(688128K)] 613712K->35912K(950272K), 0.0462688 secs] [Times: user=0.17 sys=0.00, real=0.05 secs] 
25.495: [GC (Allocation Failure) [PSYoungGen: 625704K->48184K(688128K)] 625736K->48216K(950272K), 0.0595018 secs] [Times: user=0.20 sys=0.02, real=0.06 secs] 
27.947: [GC (Allocation Failure) [PSYoungGen: 638008K->60088K(688128K)] 638040K->60128K(950272K), 0.0791956 secs] [Times: user=0.31 sys=0.00, real=0.08 secs] 
30.703: [GC (Allocation Failure) [PSYoungGen: 649912K->71960K(909824K)] 649952K->72008K(1171968K), 0.0726632 secs] [Times: user=0.25 sys=0.05, real=0.07 secs] 
34.809: [GC (Allocation Failure) [PSYoungGen: 909592K->65088K(924160K)] 909640K->88767K(1186304K), 0.1045494 secs] [Times: user=0.33 sys=0.03, real=0.10 secs] 
37.814: [GC (Allocation Failure) [PSYoungGen: 902720K->59168K(955392K)] 926399K->106471K(1217536K), 0.0719896 secs] [Times: user=0.30 sys=0.00, real=0.07 secs] 
40.993: [GC (Allocation Failure) [PSYoungGen: 922400K->52896K(916480K)] 969703K->124015K(1178624K), 0.0693502 secs] [Times: user=0.22 sys=0.02, real=0.07 secs] 
44.920: [GC (Allocation Failure) [PSYoungGen: 916128K->34912K(955904K)] 987247K->141543K(1218048K), 0.0676673 secs] [Times: user=0.20 sys=0.03, real=0.07 secs] 
49.313: [GC (Allocation Failure) [PSYoungGen: 900704K->17536K(953856K)] 1007335K->159167K(1216000K), 0.0745034 secs] [Times: user=0.28 sys=0.03, real=0.07 secs] 
53.820: [GC (Allocation Failure) [PSYoungGen: 883328K->17536K(958976K)] 1024959K->176711K(1221120K), 0.0522753 secs] [Times: user=0.17 sys=0.00, real=0.05 secs] 
Heap
 PSYoungGen      total 958976K, used 179967K [0x00000000c0000000, 0x0000000100000000, 0x0000000100000000)
  eden space 870400K, 18% used [0x00000000c0000000,0x00000000c9e9fee8,0x00000000f5200000)
  from space 88576K, 19% used [0x00000000fa880000,0x00000000fb9a0000,0x00000000fff00000)
  to   space 88576K, 0% used [0x00000000f5200000,0x00000000f5200000,0x00000000fa880000)
 ParOldGen       total 262144K, used 159175K [0x00000000a0000000, 0x00000000b0000000, 0x00000000c0000000)
  object space 262144K, 60% used [0x00000000a0000000,0x00000000a9b71eb8,0x00000000b0000000)
 Metaspace       used 10184K, capacity 10626K, committed 10880K, reserved 1058816K
  class space    used 1173K, capacity 1296K, committed 1408K, reserved 1048576K
